../Core/Src/GPIO_interrupt.c:7:14:SON_EXTI_GPIO_Enable	16	static
../Core/Src/GPIO_interrupt.c:49:14:SON_EXTI_GPIO_Unenable	16	static
../Core/Src/GPIO_interrupt.c:79:6:EXTI0_IRQHandler	8	static
../Core/Src/GPIO_interrupt.c:86:6:EXTI1_IRQHandler	8	static
../Core/Src/GPIO_interrupt.c:92:6:EXTI2_IRQHandler	8	static
../Core/Src/GPIO_interrupt.c:98:6:EXTI3_IRQHandler	8	static
../Core/Src/GPIO_interrupt.c:104:6:EXTI4_IRQHandler	8	static
../Core/Src/GPIO_interrupt.c:110:6:EXTI9_5_IRQHandler	8	static
../Core/Src/GPIO_interrupt.c:144:6:EXTI15_10_IRQHandler	8	static
../Core/Src/GPIO_interrupt.c:185:16:SON_EXTI0_IRQHandler	4	static
../Core/Src/GPIO_interrupt.c:190:16:SON_EXTI1_IRQHandler	4	static
../Core/Src/GPIO_interrupt.c:195:16:SON_EXTI2_IRQHandler	4	static
../Core/Src/GPIO_interrupt.c:200:16:SON_EXTI3_IRQHandler	4	static
../Core/Src/GPIO_interrupt.c:205:16:SON_EXTI4_IRQHandler	4	static
../Core/Src/GPIO_interrupt.c:210:16:SON_EXTI9_5_IRQHandler	16	static
../Core/Src/GPIO_interrupt.c:215:16:SON_EXTI15_10_IRQHandler	16	static
