../Core/Src/NRF24L01.c:3:6:NRF24_CS_Select	4	static
../Core/Src/NRF24L01.c:8:6:NRF24_CS_UnSelect	4	static
../Core/Src/NRF24L01.c:13:6:NRF24_CE_Enable	4	static
../Core/Src/NRF24L01.c:18:6:NRF24_CE_Disable	4	static
../Core/Src/NRF24L01.c:24:6:NRF24_WriteReg	24	static
../Core/Src/NRF24L01.c:40:6:NRF24_WriteRegMulti	32	static
../Core/Src/NRF24L01.c:55:6:NRF24_ReadReg	24	static
../Core/Src/NRF24L01.c:67:6:NRF24_ReadRegMulti	24	static
../Core/Src/NRF24L01.c:78:6:NRF24_Send_Cmd	24	static
../Core/Src/NRF24L01.c:88:6:NRF24_Init	8	static
../Core/Src/NRF24L01.c:109:6:NRF24_TX_Mode	24	static
../Core/Src/NRF24L01.c:130:9:NRF24_Transmit	24	static
../Core/Src/NRF24L01.c:158:6:NRF24_RX_Mode	24	static
../Core/Src/NRF24L01.c:185:9:isDataAvailable	24	static
../Core/Src/NRF24L01.c:200:6:NRF24_Receive	24	static
